Microsoft (R) Macro Assembler Version 14.00.23026.0	    12/11/16 19:35:03
Snake   (Snake.asm					     Page 1 - 1


				TITLE   Snake   (Snake.asm)
				INCLUDE Irvine32.inc
			      C ; Include file for Irvine32.lib             (Irvine32.inc)
			      C 
			      C ;OPTION CASEMAP:NONE		; optional: make identifiers case-sensitive
			      C 
			      C INCLUDE SmallWin.inc		; MS-Windows prototypes, structures, and constants
			      C .NOLIST
			      C .LIST
			      C 
			      C INCLUDE VirtualKeys.inc
			      C ; VirtualKeys.inc
			      C .NOLIST
			      C .LIST
			      C 
			      C 
			      C .NOLIST
			      C .LIST
			      C 

				; Last update: 12/8/16

				; Alex Blair
				; Mckenna Galle
				; Julia Abbott
				; Eben Schumann

				;;;;;;;;;;;;;;;;;;;;;;;;;;;;;;;;;;;;;;;;;;;;;;;;;;;;;;;;;;;;;;;;;;;;;;;;;;;;;;;;;;;;;;;;;;;;;;;;;;;;;;;
				; This program: 
				;Simulates the game of Snake. 
				;The snake will move via user input as well as it shall eat and grow according to food eaten.
				; Then the game will end if the snake collides with a wall, or if the snake collides with itself.
				;Also the next level will start if the snake finishes all of its food. 
				;Lastly the user may end the game by pressing the escape key.
				;;;;;;;;;;;;;;;;;;;;;;;;;;;;;;;;;;;;;;;;;;;;;;;;;;;;;;;;;;;;;;;;;;;;;;;;;;;;;;;;;;;;;;;;;;;;;;;;;;;;;;;;
				; 218 is the character I want for the snake 


 00000000			.data

				;;;;;;;;;;;;;;;;;;;;;;;
				; These are strings to be printed to the console

 00000000 20 47 61 6D 65	GameoverST BYTE " Game Over! ",0
	   20 4F 76 65 72
	   21 20 00
 0000000D 20 59 6F 75 72	ScoreDispST BYTE " Your Score Is: ",0
	   20 53 63 6F 72
	   65 20 49 73 3A
	   20 00

				;;;;;;;;;;;;;;;;;;;;;;; These are the Snake elements
 0000001E 00			x_head BYTE ?         ; X coordinate of the head of the snake
 0000001F 00			y_head BYTE ?         ; Y coordinate of the head of the snake
 00000020 02			head BYTE 2H          ; Character for the head of the snake
 00000021 23			part BYTE "#"      ; Character for snake segments

 00000022 00			x_food BYTE ?         ; X coordinate for the food
 00000023 00			y_food BYTE ?         ; Y coordinate for the food
 00000024 00			foodeaten BYTE 0      ; Amount of food eaten
 00000025 61			Food BYTE "a"         ; Character for the food

 00000026 00			x_tail BYTE ?         ; Holds the x coordinate for the tail of the snake
 00000027 00			y_tail BYTE ?         ; Holds the y coordinate for the tail of the snake

 00000028			Segments_X BYTE 800 DUP(0)  ; Array for the X coordinate of the segments
 00000348			Segments_Y BYTE 800 DUP(0)  ; Array for the Y coordinate of the segments

 00000668 00000000		NumOfSegments DWORD 0

 0000066C 00000000		score DWORD 0
 00000670 005A			speed WORD 90         ; Holds the speed of the game

 00000672 00			direction BYTE 0      ; Holds Direction
 00000673 00			oldDirect BYTE 0      ; Holds the old direction

 00000674 20 26 26 26 26	Sides1 BYTE ' &&&&&&&&&&&&&&&&&&&&&&&&&&&&&&&&&&&&&& ' , 0
	   26 26 26 26 26
	   26 26 26 26 26
	   26 26 26 26 26
	   26 26 26 26 26
	   26 26 26 26 26
	   26 26 26 26 26
	   26 26 26 26 20
	   00
 0000069D 20 26 20 00		Sides2 BYTE ' & ' , 0



 00000000			.code
				;;;;;;;;;;;;;;;;;;;;;;;;;;;;;;;;;;;;;;;;;;;;;;;;
 00000000			main PROC
 00000000  E8 00000000 E	call Clrscr

 00000005  B2 0E		mov dl, 14
 00000007  B6 04		mov dh, 4
 00000009  E8 00000000 E	call Gotoxy
 0000000E  B8 000000F6		mov eax, brown+(white*16)
 00000013  E8 00000000 E	call SetTextColor
 00000018  BA 00000674 R	mov edx, OFFSET Sides1


 0000001D			Sides:
 0000001D  B2 0E		mov dl, 14
 0000001F  8A F4		mov dh, ah
 00000021  E8 00000000 E	call Gotoxy
 00000026  FE CC		dec ah
 00000028  BA 0000069D R	mov edx, OFFSET Sides2
 0000002D  E8 00000000 E	call WriteString
 00000032  80 FC 04		cmp ah, 4
 00000035  7F E6		jg Sides
 00000037  B2 0E		mov dl, 14
 00000039  B6 15		mov dh, 21
 0000003B  E8 00000000 E	call Gotoxy
 00000040  BA 00000674 R	mov edx, OFFSET Sides1
 00000045  E8 00000000 E	call WriteString

 0000004A			RandomX:
 0000004A  E8 00000000 E	Call Randomize
 0000004F  B8 00000040		mov eax, 64
 00000054  E8 00000000 E	call RandomRange
 00000059  3C 0F		cmp al, 15
 0000005B  7C ED		jl RandomX
 0000005D  A2 0000001E R	mov x_head, al
 00000062  BE 00000028 R	mov  esi, OFFSET Segments_X
 00000067  88 06		mov [esi], al
 00000069  8A D0		mov dl, al

 0000006B			RandomY:
 0000006B  B8 00000013		mov eax, 19
 00000070  E8 00000000 E	call RandomRange
 00000075  3C 05		cmp al, 5
 00000077  7C F2		jl RandomY
 00000079  A2 0000001F R	mov y_head, al
 0000007E  BE 00000348 R	mov esi, OFFSET Segments_Y
 00000083  88 06		mov [esi], al
 00000085  8A F0		mov dh, al
 00000087  E8 00000000 E	call Gotoxy
 0000008C  A0 00000020 R	mov al, head
 00000091  E8 00000000 E	call WriteChar

 00000096			Start:
				;call CrashSnake
 00000096  E8 00000000 E	call ReadKey
 0000009B  74 20		jz SameDirect
 0000009D  80 FC 51		cmp ah, 51H
 000000A0  7F F4		jg Start
 000000A2  80 FC 47		cmp ah, 47H
 000000A5  7C EF		jl Start
 000000A7  80 FC 4C		cmp ah, 4CH
 000000AA  74 EA		je Start
 000000AC  E8 00000029		call SnakeMovement
 000000B1  E8 000002E7		call SetGame
 000000B6  E8 00000346		call PrintSegments
 000000BB  EB D9		jmp Start

 000000BD			SameDirect:
 000000BD  8A 25 00000672 R	mov ah, direction
 000000C3  66| 83 F8 01		cmp ax, 0001H
 000000C7  74 CD		je Start
 000000C9  E8 0000000C		call SnakeMovement
 000000CE  E8 000002CA		call SetGame
 000000D3  E8 00000329		call PrintSegments
 000000D8  EB BC		jmp Start
 000000DA			main ENDP
				;;;;;;;;;;;;;;;;;;;;;;;;;;;;;;;;;;;;;;;;;;;;;;;;




				;;;;;;;;;;;;;;;;;;;;;;;;;;;;;;;;;;;;;;;;;;;;;;;;
 000000DA			SnakeMovement PROC USES eax edx
				; This procedure will take user input and interpret it 
				; Into snake movement

 000000DA  50		   *	    push   eax
 000000DB  52		   *	    push   edx
 000000DC  88 25 00000672 R	mov direction, ah
 000000E2  E8 0000038D		call GameSpeed
 000000E7  66| A1		mov ax, speed
	   00000670 R
 000000ED  0F B7 C0		movzx eax, ax           ; This delays motion
 000000F0  E8 00000000 E	call Delay
 000000F5  B2 00		mov dl, 0
 000000F7  B6 09		mov dh, 9
 000000F9  E8 00000000 E	call Gotoxy
 000000FE  66| A1		mov ax, speed
	   00000670 R
 00000104  0F B7 C0		movzx eax, ax
 00000107  E8 00000000 E	call WriteInt          ; This is the speed of the game

 0000010C  8A 15 0000001E R	mov dl, x_head
 00000112  8A 35 0000001F R	mov dh, y_head
 00000118  E8 00000000 E	call Gotoxy

 0000011D  B0 20		mov al, ' '
 0000011F  E8 00000000 E	call WriteChar
 00000124  E8 0000014A		call FoodEat
 00000129  8A 25 00000672 R	mov ah, direction     ; This passes the new direction to ah
 0000012F  A0 00000673 R	mov al, oldDirect     ; This passes the old direction to al

 00000134  80 FA 40		cmp dl, 64
 00000137  0F 8D 000000E4	jge GameOver

 0000013D  80 FA 0E		cmp dl, 14
 00000140  0F 8E 000000DB	jle GameOver

 00000146  80 FE 15		cmp dh, 21
 00000149  0F 8D 000000D2	jge GameOver

 0000014F  80 FE 04		cmp dh, 4
 00000152  0F 8E 000000C9	jle GameOver

 00000158  80 FC 48		cmp ah, 48H
 0000015B  74 28		je Up

 0000015D  80 FC 50		cmp ah, 50H
 00000160  74 32		je Down

 00000162  80 FC 4D		cmp ah, 4DH
 00000165  74 3C		je Right

 00000167  80 FC 4B		cmp ah, 4BH
 0000016A  74 46		je Left

 0000016C  80 FC 49		cmp ah, 49H
 0000016F  74 50		je UpRight

 00000171  80 FC 47		cmp ah, 47H
 00000174  74 5C		je UpLeft

 00000176  80 FC 51		cmp ah, 51H
 00000179  74 68		je DownRight

 0000017B  80 FC 4F		cmp ah, 4FH
 0000017E  74 74		je DownLeft

 00000180  E9 00000099		jmp Finish


 00000185			Up:
 00000185  C6 05 00000673 R	mov oldDirect, 48H
	   48
 0000018C  3C 50		cmp al, 50H
 0000018E  74 04		je Down
 00000190  FE CE		dec dh
 00000192  EB 6F		jmp UpdateHead

 00000194			Down:
 00000194  C6 05 00000673 R	mov oldDirect, 50H
	   50
 0000019B  3C 48		cmp al, 48H
 0000019D  74 E6		je Up
 0000019F  FE C6		inc dh
 000001A1  EB 60		jmp UpdateHead

 000001A3			Right:
 000001A3  C6 05 00000673 R	mov oldDirect, 4DH
	   4D
 000001AA  3C 4B		cmp al, 4BH
 000001AC  74 04		je Left
 000001AE  FE C2		inc dl
 000001B0  EB 51		jmp UpdateHead

 000001B2			Left:
 000001B2  C6 05 00000673 R	mov oldDirect, 4BH
	   4B
 000001B9  3C 4D		cmp al, 4DH
 000001BB  74 E6		je Right
 000001BD  FE CA		dec dl
 000001BF  EB 42		jmp UpdateHead

 000001C1			UpRight:
 000001C1  C6 05 00000673 R	mov oldDirect, 49H
	   49
 000001C8  3C 04		cmp al, 4H
 000001CA  74 28		je DownLeft
 000001CC  FE CE		dec dh
 000001CE  FE C2		inc dl
 000001D0  EB 31		jmp UpdateHead

 000001D2			UpLeft:
 000001D2  C6 05 00000673 R	mov oldDirect, 47H
	   47
 000001D9  3C 51		cmp al, 51H
 000001DB  74 06		je DownRight
 000001DD  FE CE		dec dh
 000001DF  FE CA		dec dl
 000001E1  EB 20		jmp UpdateHead

 000001E3			DownRight:
 000001E3  C6 05 00000673 R	mov oldDirect, 51H
	   51
 000001EA  3C 47		cmp al, 47H
 000001EC  74 E4		je UpLeft
 000001EE  FE C6		inc dh
 000001F0  FE C2		inc dl
 000001F2  EB 0F		jmp UpdateHead

 000001F4			DownLeft:
 000001F4  C6 05 00000673 R	mov oldDirect, 4FH
	   4F
 000001FB  3C 49		cmp al, 49H
 000001FD  74 C2		je UpRight
 000001FF  FE C6		inc dh
 00000201  FE CA		dec dl

 00000203			UpdateHead:
 00000203  88 15 0000001E R	mov x_head, dl
 00000209  88 35 0000001F R	mov y_head, dh
 0000020F  E8 00000000 E	call Gotoxy
 00000214  A0 00000020 R	mov al, head
 00000219  E8 00000000 E	call WriteChar

 0000021E			Finish:

				ret
 0000021E  5A		   *	    pop    edx
 0000021F  58		   *	    pop    eax
 00000220  C3		   *	    ret    00000h

 00000221			GameOver:
 00000221  8A 15 0000001E R	mov dl, x_head
 00000227  8A 35 0000001F R	mov dh, y_head
 0000022D  E8 00000000 E	call Gotoxy
 00000232  A0 00000020 R	mov al, head
 00000237  E8 00000000 E	call WriteChar
 0000023C  B8 000003E8		mov eax, 1000
 00000241  E8 00000000 E	call Delay
 00000246  B2 21		mov dl, 33
 00000248  B6 0D		mov dh, 13
 0000024A  E8 00000000 E	call Gotoxy
 0000024F  B8 000000F4		mov eax, red+(white*16)
 00000254  E8 00000000 E	call SetTextColor
 00000259  BA 00000000 R	mov edx, OFFSET GameoverST
 0000025E  E8 00000000 E	call WriteString
 00000263  B2 14		mov dl, 20
 00000265  B6 18		mov dh, 24
 00000267  E8 00000000 E	call Gotoxy
				exit
 0000026C  6A 00	   *	    push   +000000000h
 0000026E  E8 00000000 E   *	    call   ExitProcess
 00000273			SnakeMovement ENDP
				;;;;;;;;;;;;;;;;;;;;;;;;;;;;;;;;;;;;;;;;;;;;;;;;





				;;;;;;;;;;;;;;;;;;;;;;;;;;;;;;;;;;;;;;;;;;;;;;;;
 00000273			FoodEat PROC USES eax edx
				; This procedure will randomize and display the food for the snake

 00000273  50		   *	    push   eax
 00000274  52		   *	    push   edx
 00000275			NewFood:
 00000275  A0 00000024 R	mov al, foodeaten
 0000027A  3C 00		cmp al, 0
 0000027C  75 42		jne NotEaten

 0000027E			RandomX:
 0000027E  C6 05 00000024 R	mov foodeaten, 1
	   01
 00000285  B8 00000040		mov eax, 64
 0000028A  E8 00000000 E	call RandomRange
 0000028F  3C 0F		cmp al, 15
 00000291  7C EB		jl RandomX
 00000293  A2 00000022 R	mov x_food, al
 00000298  8A D0		mov dl, al

 0000029A			RandomY:
 0000029A  B8 00000012		mov eax, 18
 0000029F  E8 00000000 E	call RandomRange
 000002A4  3C 05		cmp al, 5
 000002A6  7C F2		jl RandomY
 000002A8  A2 00000023 R	mov y_food, al
 000002AD  8A F0		mov dh, al
 000002AF  E8 00000000 E	call Gotoxy
 000002B4  A0 00000025 R	mov al, food
 000002B9  E8 00000000 E	call WriteChar
 000002BE  8A C2		mov al, dl

 000002C0			NotEaten:
 000002C0  A0 0000001E R	mov al, x_head
 000002C5  8A 25 0000001F R	mov ah, y_head
 000002CB  8A 15 00000022 R	mov dl, x_food
 000002D1  8A 35 00000023 R	mov dh, y_food
 000002D7  66| 3B C2		cmp ax, dx
 000002DA  75 3B		jne Finish
 000002DC  A1 00000668 R	mov eax, NumOfSegments
 000002E1  40			inc eax
 000002E2  A3 00000668 R	mov NumOfSegments, eax
 000002E7  C6 05 00000024 R	mov foodeaten, 0
	   00
 000002EE  E8 0000010E		call PrintSegments
 000002F3  E8 0000016E		call ScoreDisp
 000002F8  B2 1E		mov dl, 30
 000002FA  B6 17		mov dh, 23
 000002FC  E8 00000000 E	call Gotoxy
 00000301  BA 0000000D R	mov edx, OFFSET ScoreDispST
 00000306  E8 00000000 E	call WriteString
 0000030B  A1 0000066C R	mov eax, score
 00000310  E8 00000000 E	call WriteInt
 00000315  EB 00		jmp Finish
 00000317			Finish:

				ret
 00000317  5A		   *	    pop    edx
 00000318  58		   *	    pop    eax
 00000319  C3		   *	    ret    00000h
 0000031A			FoodEat ENDP
				;;;;;;;;;;;;;;;;;;;;;;;;;;;;;;;;;;;;;;;;;;;;;;;;




				;;;;;;;;;;;;;;;;;;;;;;;;;;;;;;;;;;;;;;;;;;;;;;;;
 0000031A			Snake PROC USES eax ebx ecx esi
				; This procedure will genereate a Snake 
 0000031A  50		   *	    push   eax
 0000031B  53		   *	    push   ebx
 0000031C  51		   *	    push   ecx
 0000031D  56		   *	    push   esi
 0000031E  8B 1D 00000668 R	mov ebx, NumOfSegments
 00000324  83 FB 01		cmp ebx, 1
 00000327  7D 1E		jge Continue
 00000329  BE 00000028 R	mov esi, OFFSET Segments_X
 0000032E  A0 0000001E R	mov al, x_head
 00000333  88 06		mov [esi], al
 00000335  8A 06		mov al, [esi]
 00000337  BE 00000348 R	mov esi, OFFSET Segments_Y
 0000033C  A0 0000001F R	mov al, y_head
 00000341  88 06		mov [esi], al
 00000343  8A 06		mov al,[esi]
 00000345  EB 51		jmp Finish

 00000347			Continue:
 00000347  A0 00000024 R	mov al, foodeaten
 0000034C  0F B6 C0		movzx eax, al
 0000034F  3C 00		cmp al, 0
 00000351  75 3B		jne NotEaten

 00000353			Eaten:
 00000353  8B 0D 00000668 R	mov ecx, NumOfSegments
 00000359  41			inc ecx

 0000035A			ShiftRight:
 0000035A  8B D9		mov ebx, ecx
 0000035C  BE 00000028 R	mov esi, OFFSET Segments_X
 00000361  8A 44 33 FF		mov al, [esi+ebx-1]
 00000365  88 04 33		mov [esi+ebx], al
 00000368  BE 00000348 R	mov esi, OFFSET Segments_Y
 0000036D  8A 44 33 FF		mov al, [esi+ebx-1]
 00000371  88 04 33		mov [esi+ebx], al

 00000374  E2 E4		Loop ShiftRight

 00000376  BE 00000028 R	mov esi, OFFSET Segments_X
 0000037B  A0 00000022 R	mov al, x_food
 00000380  88 06		mov [esi], al
 00000382  BE 00000348 R	mov esi, OFFSET Segments_Y
 00000387  A0 00000023 R	mov al, y_food
 0000038C  88 06		mov [esi], al

 0000038E			NotEaten:

 0000038E  E8 0000000A		call SetGame
 00000393  E8 00000069		call PrintSegments

 00000398			Finish:

				ret
 00000398  5E		   *	    pop    esi
 00000399  59		   *	    pop    ecx
 0000039A  5B		   *	    pop    ebx
 0000039B  58		   *	    pop    eax
 0000039C  C3		   *	    ret    00000h
 0000039D			Snake ENDP
				;;;;;;;;;;;;;;;;;;;;;;;;;;;;;;;;;;;;;;;;;;;;;;;;




				;;;;;;;;;;;;;;;;;;;;;;;;;;;;;;;;;;;;;;;;;;;;;;;;
 0000039D			SetGame PROC

 0000039D  BE 00000028 R	mov esi, OFFSET Segments_X
 000003A2  8A 06		mov al, [esi]
 000003A4  A2 00000026 R	mov x_tail, al
 000003A9  BE 00000348 R	mov esi, OFFSET Segments_Y
 000003AE  8A 06		mov al, [esi]
 000003B0  A2 00000027 R	mov y_tail, al
 000003B5  BB 00000001		mov ebx, 1
 000003BA  8B 0D 00000668 R	mov ecx, NumOfSegments
 000003C0  41			inc ecx

 000003C1			ShiftLeft:
 000003C1  BE 00000028 R	mov esi, OFFSET Segments_X
 000003C6  8A 04 33		mov al, [esi+ebx]
 000003C9  88 44 33 FF		mov [esi+ebx-1],al
 000003CD  BE 00000348 R	mov esi, OFFSET Segments_Y
 000003D2  8A 04 33		mov al, [esi+ebx]
 000003D5  88 44 33 FF		mov [esi+ebx-1], al
 000003D9  8A 06		mov al, [esi]
 000003DB  43			inc ebx

 000003DC  E2 E3		Loop ShiftLeft

 000003DE  8B 1D 00000668 R	mov ebx, NumOfSegments
 000003E4  BE 00000028 R	mov esi, OFFSET Segments_X
 000003E9  A0 0000001E R	mov al, x_head
 000003EE  88 04 33		mov[esi+ebx], al
 000003F1  8A 06		mov al, [esi]
 000003F3  BE 00000348 R	mov esi, OFFSET Segments_Y
 000003F8  A0 0000001F R	mov al, y_head
 000003FD  88 04 33		mov [esi+ebx], al

 00000400  C3			ret
 00000401			SetGame ENDP
				;;;;;;;;;;;;;;;;;;;;;;;;;;;;;;;;;;;;;;;;;;;;;;;;




				;;;;;;;;;;;;;;;;;;;;;;;;;;;;;;;;;;;;;;;;;;;;;;;;
 00000401			PrintSegments PROC USES eax ebx ecx edx esi

 00000401  50		   *	    push   eax
 00000402  53		   *	    push   ebx
 00000403  51		   *	    push   ecx
 00000404  52		   *	    push   edx
 00000405  56		   *	    push   esi
 00000406  8A 15 00000026 R	mov dl, x_tail
 0000040C  8A 35 00000027 R	mov dh, y_tail

 00000412  E8 00000000 E	call Gotoxy

 00000417  B0 20		mov al, ' '

 00000419  E8 00000000 E	call WriteChar
 0000041E  8B 0D 00000668 R	mov ecx, NumOfSegments
 00000424  41			inc ecx

 00000425			Print:
 00000425  8B D9		mov ebx, ecx
 00000427  BE 00000028 R	mov esi, OFFSET Segments_X
 0000042C  8A 44 33 FF		mov al, [esi+ebx-1]
 00000430  8A D0		mov dl, al
 00000432  BE 00000348 R	mov esi, OFFSET Segments_Y
 00000437  8A 44 33 FF		mov al, [esi+ebx-1]
 0000043B  8A F0		mov dh, al
 0000043D  E8 00000000 E	call Gotoxy
 00000442  8B 15 00000668 R	mov edx, NumOfSegments
 00000448  42			inc edx
 00000449  3B CA		cmp ecx, edx
 0000044B  75 07		jne PrintSeg
 0000044D  A0 00000020 R	mov al, head
 00000452  EB 05		jmp Printtail

 00000454			PrintSeg:
 00000454  A0 00000021 R	mov al, part

 00000459			Printtail:
 00000459  E8 00000000 E	call WriteChar

 0000045E  E2 C5		Loop Print

				ret
 00000460  5E		   *	    pop    esi
 00000461  5A		   *	    pop    edx
 00000462  59		   *	    pop    ecx
 00000463  5B		   *	    pop    ebx
 00000464  58		   *	    pop    eax
 00000465  C3		   *	    ret    00000h
 00000466			PrintSegments ENDP
				;;;;;;;;;;;;;;;;;;;;;;;;;;;;;;;;;;;;;;;;;;;;;;;;




				;;;;;;;;;;;;;;;;;;;;;;;;;;;;;;;;;;;;;;;;;;;;;;;;
 00000466			ScoreDisp PROC
				; This procedure will display the user's score

 00000466  A1 0000066C R	mov eax, score
 0000046B  83 C0 01		add eax, 1
 0000046E  A3 0000066C R	mov score, eax

 00000473  C3			ret
 00000474			ScoreDisp ENDP
				;;;;;;;;;;;;;;;;;;;;;;;;;;;;;;;;;;;;;;;;;;;;;;;;




				;;;;;;;;;;;;;;;;;;;;;;;;;;;;;;;;;;;;;;;;;;;;;;;;
 00000474			GameSpeed PROC USES eax ebx edx

 00000474  50		   *	    push   eax
 00000475  53		   *	    push   ebx
 00000476  52		   *	    push   edx
 00000477  BA 00000000		mov edx, 0
 0000047C  A1 0000066C R	mov eax, score
 00000481  BB 0000000A		mov ebx, 10
 00000486  F7 F3		div ebx
 00000488  83 FA 01		cmp edx, 1
 0000048B  75 20		jne Finish
 0000048D  66| A1		mov ax, speed
	   00000670 R
 00000493  66| BB 000A		mov bx, 10
 00000497  66| 2B C3		sub ax, bx
 0000049A  66| A3		mov speed, ax
	   00000670 R
 000004A0  A1 0000066C R	mov eax, score
 000004A5  83 C0 01		add eax, 1
 000004A8  A3 0000066C R	mov score, eax

 000004AD			Finish:

				ret
 000004AD  5A		   *	    pop    edx
 000004AE  5B		   *	    pop    ebx
 000004AF  58		   *	    pop    eax
 000004B0  C3		   *	    ret    00000h
 000004B1			GameSpeed ENDP
				;;;;;;;;;;;;;;;;;;;;;;;;;;;;;;;;;;;;;;;;;;;;;;;;




				exit
 000004B1  6A 00	   *	    push   +000000000h
 000004B3  E8 00000000 E   *	    call   ExitProcess
				END main
Microsoft (R) Macro Assembler Version 14.00.23026.0	    12/11/16 19:35:03
Snake   (Snake.asm					     Symbols 2 - 1




Structures and Unions:

                N a m e                  Size
                                         Offset      Type

CONSOLE_CURSOR_INFO  . . . . . .	 00000008
  dwSize . . . . . . . . . . . .	 00000000	 DWord
  bVisible . . . . . . . . . . .	 00000004	 DWord
CONSOLE_SCREEN_BUFFER_INFO . . .	 00000016
  dwSize . . . . . . . . . . . .	 00000000	 DWord
  dwCursorPosition . . . . . . .	 00000004	 DWord
  wAttributes  . . . . . . . . .	 00000008	 Word
  srWindow . . . . . . . . . . .	 0000000A	 QWord
  dwMaximumWindowSize  . . . . .	 00000012	 DWord
COORD  . . . . . . . . . . . . .	 00000004
  X  . . . . . . . . . . . . . .	 00000000	 Word
  Y  . . . . . . . . . . . . . .	 00000002	 Word
FILETIME . . . . . . . . . . . .	 00000008
  loDateTime . . . . . . . . . .	 00000000	 DWord
  hiDateTime . . . . . . . . . .	 00000004	 DWord
FOCUS_EVENT_RECORD . . . . . . .	 00000004
  bSetFocus  . . . . . . . . . .	 00000000	 DWord
FPU_ENVIRON  . . . . . . . . . .	 0000001C
  controlWord  . . . . . . . . .	 00000000	 Word
  statusWord . . . . . . . . . .	 00000004	 Word
  tagWord  . . . . . . . . . . .	 00000008	 Word
  instrPointerOffset . . . . . .	 0000000C	 DWord
  instrPointerSelector . . . . .	 00000010	 DWord
  operandPointerOffset . . . . .	 00000014	 DWord
  operandPointerSelector . . . .	 00000018	 Word
INPUT_RECORD . . . . . . . . . .	 00000014
  EventType  . . . . . . . . . .	 00000000	 Word
  Event  . . . . . . . . . . . .	 00000004	 XmmWord
  bKeyDown . . . . . . . . . . .	 00000000	 DWord
  wRepeatCount . . . . . . . . .	 00000004	 Word
  wVirtualKeyCode  . . . . . . .	 00000006	 Word
  wVirtualScanCode . . . . . . .	 00000008	 Word
  uChar  . . . . . . . . . . . .	 0000000A	 Word
  UnicodeChar  . . . . . . . . .	 00000000	 Word
  AsciiChar  . . . . . . . . . .	 00000000	 Byte
  dwControlKeyState  . . . . . .	 0000000C	 DWord
  dwMousePosition  . . . . . . .	 00000000	 DWord
  dwButtonState  . . . . . . . .	 00000004	 DWord
  dwMouseControlKeyState . . . .	 00000008	 DWord
  dwEventFlags . . . . . . . . .	 0000000C	 DWord
  dwSize . . . . . . . . . . . .	 00000000	 DWord
  dwCommandId  . . . . . . . . .	 00000000	 DWord
  bSetFocus  . . . . . . . . . .	 00000000	 DWord
KEY_EVENT_RECORD . . . . . . . .	 00000010
  bKeyDown . . . . . . . . . . .	 00000000	 DWord
  wRepeatCount . . . . . . . . .	 00000004	 Word
  wVirtualKeyCode  . . . . . . .	 00000006	 Word
  wVirtualScanCode . . . . . . .	 00000008	 Word
  uChar  . . . . . . . . . . . .	 0000000A	 Word
  UnicodeChar  . . . . . . . . .	 00000000	 Word
  AsciiChar  . . . . . . . . . .	 00000000	 Byte
  dwControlKeyState  . . . . . .	 0000000C	 DWord
MENU_EVENT_RECORD  . . . . . . .	 00000004
  dwCommandId  . . . . . . . . .	 00000000	 DWord
MOUSE_EVENT_RECORD . . . . . . .	 00000010
  dwMousePosition  . . . . . . .	 00000000	 DWord
  dwButtonState  . . . . . . . .	 00000004	 DWord
  dwMouseControlKeyState . . . .	 00000008	 DWord
  dwEventFlags . . . . . . . . .	 0000000C	 DWord
SMALL_RECT . . . . . . . . . . .	 00000008
  Left . . . . . . . . . . . . .	 00000000	 Word
  Top  . . . . . . . . . . . . .	 00000002	 Word
  Right  . . . . . . . . . . . .	 00000004	 Word
  Bottom . . . . . . . . . . . .	 00000006	 Word
SYSTEMTIME . . . . . . . . . . .	 00000010
  wYear  . . . . . . . . . . . .	 00000000	 Word
  wMonth . . . . . . . . . . . .	 00000002	 Word
  wDayOfWeek . . . . . . . . . .	 00000004	 Word
  wDay . . . . . . . . . . . . .	 00000006	 Word
  wHour  . . . . . . . . . . . .	 00000008	 Word
  wMinute  . . . . . . . . . . .	 0000000A	 Word
  wSecond  . . . . . . . . . . .	 0000000C	 Word
  wMilliseconds  . . . . . . . .	 0000000E	 Word
WINDOW_BUFFER_SIZE_RECORD  . . .	 00000004
  dwSize . . . . . . . . . . . .	 00000000	 DWord


Segments and Groups:

                N a m e                 Size     Length   Align   Combine Class

FLAT . . . . . . . . . . . . . .	GROUP
STACK  . . . . . . . . . . . . .	32 Bit	 00001000 Para	  Stack	  'STACK'	 
_DATA  . . . . . . . . . . . . .	32 Bit	 000006A1 Para	  Public  'DATA'	
_TEXT  . . . . . . . . . . . . .	32 Bit	 000004B8 Para	  Public  'CODE'	


Procedures, parameters, and locals:

                N a m e                 Type     Value    Attr

CloseFile  . . . . . . . . . . .	P Near	 00000000 FLAT	Length= 00000000 External STDCALL
CloseHandle  . . . . . . . . . .	P Near	 00000000 FLAT	Length= 00000000 External STDCALL
Clrscr . . . . . . . . . . . . .	P Near	 00000000 FLAT	Length= 00000000 External STDCALL
CreateFileA  . . . . . . . . . .	P Near	 00000000 FLAT	Length= 00000000 External STDCALL
CreateOutputFile . . . . . . . .	P Near	 00000000 FLAT	Length= 00000000 External STDCALL
Crlf . . . . . . . . . . . . . .	P Near	 00000000 FLAT	Length= 00000000 External STDCALL
Delay  . . . . . . . . . . . . .	P Near	 00000000 FLAT	Length= 00000000 External STDCALL
DumpMem  . . . . . . . . . . . .	P Near	 00000000 FLAT	Length= 00000000 External STDCALL
DumpRegs . . . . . . . . . . . .	P Near	 00000000 FLAT	Length= 00000000 External STDCALL
ExitProcess  . . . . . . . . . .	P Near	 00000000 FLAT	Length= 00000000 External STDCALL
FileTimeToDosDateTime  . . . . .	P Near	 00000000 FLAT	Length= 00000000 External STDCALL
FileTimeToSystemTime . . . . . .	P Near	 00000000 FLAT	Length= 00000000 External STDCALL
FlushConsoleInputBuffer  . . . .	P Near	 00000000 FLAT	Length= 00000000 External STDCALL
FoodEat  . . . . . . . . . . . .	P Near	 00000273 _TEXT	Length= 000000A7 Public STDCALL
  NewFood  . . . . . . . . . . .	L Near	 00000275 _TEXT	
  RandomX  . . . . . . . . . . .	L Near	 0000027E _TEXT	
  RandomY  . . . . . . . . . . .	L Near	 0000029A _TEXT	
  NotEaten . . . . . . . . . . .	L Near	 000002C0 _TEXT	
  Finish . . . . . . . . . . . .	L Near	 00000317 _TEXT	
FormatMessageA . . . . . . . . .	P Near	 00000000 FLAT	Length= 00000000 External STDCALL
GameSpeed  . . . . . . . . . . .	P Near	 00000474 _TEXT	Length= 0000003D Public STDCALL
  Finish . . . . . . . . . . . .	L Near	 000004AD _TEXT	
GetCommandLineA  . . . . . . . .	P Near	 00000000 FLAT	Length= 00000000 External STDCALL
GetCommandTail . . . . . . . . .	P Near	 00000000 FLAT	Length= 00000000 External STDCALL
GetConsoleCP . . . . . . . . . .	P Near	 00000000 FLAT	Length= 00000000 External STDCALL
GetConsoleCursorInfo . . . . . .	P Near	 00000000 FLAT	Length= 00000000 External STDCALL
GetConsoleMode . . . . . . . . .	P Near	 00000000 FLAT	Length= 00000000 External STDCALL
GetConsoleScreenBufferInfo . . .	P Near	 00000000 FLAT	Length= 00000000 External STDCALL
GetDateTime  . . . . . . . . . .	P Near	 00000000 FLAT	Length= 00000000 External STDCALL
GetFileTime  . . . . . . . . . .	P Near	 00000000 FLAT	Length= 00000000 External STDCALL
GetKeyState  . . . . . . . . . .	P Near	 00000000 FLAT	Length= 00000000 External STDCALL
GetLastError . . . . . . . . . .	P Near	 00000000 FLAT	Length= 00000000 External STDCALL
GetLocalTime . . . . . . . . . .	P Near	 00000000 FLAT	Length= 00000000 External STDCALL
GetMaxXY . . . . . . . . . . . .	P Near	 00000000 FLAT	Length= 00000000 External STDCALL
GetMseconds  . . . . . . . . . .	P Near	 00000000 FLAT	Length= 00000000 External STDCALL
GetNumberOfConsoleInputEvents  .	P Near	 00000000 FLAT	Length= 00000000 External STDCALL
GetProcessHeap . . . . . . . . .	P Near	 00000000 FLAT	Length= 00000000 External STDCALL
GetStdHandle . . . . . . . . . .	P Near	 00000000 FLAT	Length= 00000000 External STDCALL
GetSystemTime  . . . . . . . . .	P Near	 00000000 FLAT	Length= 00000000 External STDCALL
GetTextColor . . . . . . . . . .	P Near	 00000000 FLAT	Length= 00000000 External STDCALL
GetTickCount . . . . . . . . . .	P Near	 00000000 FLAT	Length= 00000000 External STDCALL
Gotoxy . . . . . . . . . . . . .	P Near	 00000000 FLAT	Length= 00000000 External STDCALL
HeapAlloc  . . . . . . . . . . .	P Near	 00000000 FLAT	Length= 00000000 External STDCALL
HeapCreate . . . . . . . . . . .	P Near	 00000000 FLAT	Length= 00000000 External STDCALL
HeapDestroy  . . . . . . . . . .	P Near	 00000000 FLAT	Length= 00000000 External STDCALL
HeapFree . . . . . . . . . . . .	P Near	 00000000 FLAT	Length= 00000000 External STDCALL
HeapSize . . . . . . . . . . . .	P Near	 00000000 FLAT	Length= 00000000 External STDCALL
IsDigit  . . . . . . . . . . . .	P Near	 00000000 FLAT	Length= 00000000 External STDCALL
LocalFree  . . . . . . . . . . .	P Near	 00000000 FLAT	Length= 00000000 External STDCALL
MessageBoxA  . . . . . . . . . .	P Near	 00000000 FLAT	Length= 00000000 External STDCALL
MsgBoxAsk  . . . . . . . . . . .	P Near	 00000000 FLAT	Length= 00000000 External STDCALL
MsgBox . . . . . . . . . . . . .	P Near	 00000000 FLAT	Length= 00000000 External STDCALL
OpenInputFile  . . . . . . . . .	P Near	 00000000 FLAT	Length= 00000000 External STDCALL
ParseDecimal32 . . . . . . . . .	P Near	 00000000 FLAT	Length= 00000000 External STDCALL
ParseInteger32 . . . . . . . . .	P Near	 00000000 FLAT	Length= 00000000 External STDCALL
PeekConsoleInputA  . . . . . . .	P Near	 00000000 FLAT	Length= 00000000 External STDCALL
PrintSegments  . . . . . . . . .	P Near	 00000401 _TEXT	Length= 00000065 Public STDCALL
  Print  . . . . . . . . . . . .	L Near	 00000425 _TEXT	
  PrintSeg . . . . . . . . . . .	L Near	 00000454 _TEXT	
  Printtail  . . . . . . . . . .	L Near	 00000459 _TEXT	
Random32 . . . . . . . . . . . .	P Near	 00000000 FLAT	Length= 00000000 External STDCALL
RandomRange  . . . . . . . . . .	P Near	 00000000 FLAT	Length= 00000000 External STDCALL
Randomize  . . . . . . . . . . .	P Near	 00000000 FLAT	Length= 00000000 External STDCALL
ReadChar . . . . . . . . . . . .	P Near	 00000000 FLAT	Length= 00000000 External STDCALL
ReadConsoleA . . . . . . . . . .	P Near	 00000000 FLAT	Length= 00000000 External STDCALL
ReadConsoleInputA  . . . . . . .	P Near	 00000000 FLAT	Length= 00000000 External STDCALL
ReadDec  . . . . . . . . . . . .	P Near	 00000000 FLAT	Length= 00000000 External STDCALL
ReadFile . . . . . . . . . . . .	P Near	 00000000 FLAT	Length= 00000000 External STDCALL
ReadFloat  . . . . . . . . . . .	P Near	 00000000 FLAT	Length= 00000000 External STDCALL
ReadFromFile . . . . . . . . . .	P Near	 00000000 FLAT	Length= 00000000 External STDCALL
ReadHex  . . . . . . . . . . . .	P Near	 00000000 FLAT	Length= 00000000 External STDCALL
ReadInt  . . . . . . . . . . . .	P Near	 00000000 FLAT	Length= 00000000 External STDCALL
ReadKeyFlush . . . . . . . . . .	P Near	 00000000 FLAT	Length= 00000000 External STDCALL
ReadKey  . . . . . . . . . . . .	P Near	 00000000 FLAT	Length= 00000000 External STDCALL
ReadString . . . . . . . . . . .	P Near	 00000000 FLAT	Length= 00000000 External STDCALL
ScoreDisp  . . . . . . . . . . .	P Near	 00000466 _TEXT	Length= 0000000E Public STDCALL
SetConsoleCursorInfo . . . . . .	P Near	 00000000 FLAT	Length= 00000000 External STDCALL
SetConsoleCursorPosition . . . .	P Near	 00000000 FLAT	Length= 00000000 External STDCALL
SetConsoleMode . . . . . . . . .	P Near	 00000000 FLAT	Length= 00000000 External STDCALL
SetConsoleScreenBufferSize . . .	P Near	 00000000 FLAT	Length= 00000000 External STDCALL
SetConsoleTextAttribute  . . . .	P Near	 00000000 FLAT	Length= 00000000 External STDCALL
SetConsoleTitleA . . . . . . . .	P Near	 00000000 FLAT	Length= 00000000 External STDCALL
SetConsoleWindowInfo . . . . . .	P Near	 00000000 FLAT	Length= 00000000 External STDCALL
SetFilePointer . . . . . . . . .	P Near	 00000000 FLAT	Length= 00000000 External STDCALL
SetGame  . . . . . . . . . . . .	P Near	 0000039D _TEXT	Length= 00000064 Public STDCALL
  ShiftLeft  . . . . . . . . . .	L Near	 000003C1 _TEXT	
SetLocalTime . . . . . . . . . .	P Near	 00000000 FLAT	Length= 00000000 External STDCALL
SetTextColor . . . . . . . . . .	P Near	 00000000 FLAT	Length= 00000000 External STDCALL
ShowFPUStack . . . . . . . . . .	P Near	 00000000 FLAT	Length= 00000000 External STDCALL
Sleep  . . . . . . . . . . . . .	P Near	 00000000 FLAT	Length= 00000000 External STDCALL
SnakeMovement  . . . . . . . . .	P Near	 000000DA _TEXT	Length= 00000199 Public STDCALL
  Up . . . . . . . . . . . . . .	L Near	 00000185 _TEXT	
  Down . . . . . . . . . . . . .	L Near	 00000194 _TEXT	
  Right  . . . . . . . . . . . .	L Near	 000001A3 _TEXT	
  Left . . . . . . . . . . . . .	L Near	 000001B2 _TEXT	
  UpRight  . . . . . . . . . . .	L Near	 000001C1 _TEXT	
  UpLeft . . . . . . . . . . . .	L Near	 000001D2 _TEXT	
  DownRight  . . . . . . . . . .	L Near	 000001E3 _TEXT	
  DownLeft . . . . . . . . . . .	L Near	 000001F4 _TEXT	
  UpdateHead . . . . . . . . . .	L Near	 00000203 _TEXT	
  Finish . . . . . . . . . . . .	L Near	 0000021E _TEXT	
  GameOver . . . . . . . . . . .	L Near	 00000221 _TEXT	
Snake  . . . . . . . . . . . . .	P Near	 0000031A _TEXT	Length= 00000083 Public STDCALL
  Continue . . . . . . . . . . .	L Near	 00000347 _TEXT	
  Eaten  . . . . . . . . . . . .	L Near	 00000353 _TEXT	
  ShiftRight . . . . . . . . . .	L Near	 0000035A _TEXT	
  NotEaten . . . . . . . . . . .	L Near	 0000038E _TEXT	
  Finish . . . . . . . . . . . .	L Near	 00000398 _TEXT	
StrLength  . . . . . . . . . . .	P Near	 00000000 FLAT	Length= 00000000 External STDCALL
Str_compare  . . . . . . . . . .	P Near	 00000000 FLAT	Length= 00000000 External STDCALL
Str_copy . . . . . . . . . . . .	P Near	 00000000 FLAT	Length= 00000000 External STDCALL
Str_length . . . . . . . . . . .	P Near	 00000000 FLAT	Length= 00000000 External STDCALL
Str_trim . . . . . . . . . . . .	P Near	 00000000 FLAT	Length= 00000000 External STDCALL
Str_ucase  . . . . . . . . . . .	P Near	 00000000 FLAT	Length= 00000000 External STDCALL
SystemTimeToFileTime . . . . . .	P Near	 00000000 FLAT	Length= 00000000 External STDCALL
WaitMsg  . . . . . . . . . . . .	P Near	 00000000 FLAT	Length= 00000000 External STDCALL
WriteBinB  . . . . . . . . . . .	P Near	 00000000 FLAT	Length= 00000000 External STDCALL
WriteBin . . . . . . . . . . . .	P Near	 00000000 FLAT	Length= 00000000 External STDCALL
WriteChar  . . . . . . . . . . .	P Near	 00000000 FLAT	Length= 00000000 External STDCALL
WriteConsoleA  . . . . . . . . .	P Near	 00000000 FLAT	Length= 00000000 External STDCALL
WriteConsoleOutputAttribute  . .	P Near	 00000000 FLAT	Length= 00000000 External STDCALL
WriteConsoleOutputCharacterA . .	P Near	 00000000 FLAT	Length= 00000000 External STDCALL
WriteDec . . . . . . . . . . . .	P Near	 00000000 FLAT	Length= 00000000 External STDCALL
WriteFile  . . . . . . . . . . .	P Near	 00000000 FLAT	Length= 00000000 External STDCALL
WriteFloat . . . . . . . . . . .	P Near	 00000000 FLAT	Length= 00000000 External STDCALL
WriteHexB  . . . . . . . . . . .	P Near	 00000000 FLAT	Length= 00000000 External STDCALL
WriteHex . . . . . . . . . . . .	P Near	 00000000 FLAT	Length= 00000000 External STDCALL
WriteInt . . . . . . . . . . . .	P Near	 00000000 FLAT	Length= 00000000 External STDCALL
WriteStackFrameName  . . . . . .	P Near	 00000000 FLAT	Length= 00000000 External STDCALL
WriteStackFrame  . . . . . . . .	P Near	 00000000 FLAT	Length= 00000000 External STDCALL
WriteString  . . . . . . . . . .	P Near	 00000000 FLAT	Length= 00000000 External STDCALL
WriteToFile  . . . . . . . . . .	P Near	 00000000 FLAT	Length= 00000000 External STDCALL
WriteWindowsMsg  . . . . . . . .	P Near	 00000000 FLAT	Length= 00000000 External STDCALL
main . . . . . . . . . . . . . .	P Near	 00000000 _TEXT	Length= 000000DA Public STDCALL
  Sides  . . . . . . . . . . . .	L Near	 0000001D _TEXT	
  RandomX  . . . . . . . . . . .	L Near	 0000004A _TEXT	
  RandomY  . . . . . . . . . . .	L Near	 0000006B _TEXT	
  Start  . . . . . . . . . . . .	L Near	 00000096 _TEXT	
  SameDirect . . . . . . . . . .	L Near	 000000BD _TEXT	
printf . . . . . . . . . . . . .	P Near	 00000000 FLAT	Length= 00000000 External C
scanf  . . . . . . . . . . . . .	P Near	 00000000 FLAT	Length= 00000000 External C
wsprintfA  . . . . . . . . . . .	P Near	 00000000 FLAT	Length= 00000000 External C


Symbols:

                N a m e                 Type     Value    Attr

@CodeSize  . . . . . . . . . . .	Number	 00000000h   
@DataSize  . . . . . . . . . . .	Number	 00000000h   
@Interface . . . . . . . . . . .	Number	 00000003h   
@Model . . . . . . . . . . . . .	Number	 00000007h   
@code  . . . . . . . . . . . . .	Text   	 _TEXT
@data  . . . . . . . . . . . . .	Text   	 FLAT
@fardata?  . . . . . . . . . . .	Text   	 FLAT
@fardata . . . . . . . . . . . .	Text   	 FLAT
@stack . . . . . . . . . . . . .	Text   	 FLAT
ALT_MASK . . . . . . . . . . . .	Number	 00000003h   
CAPSLOCK_ON  . . . . . . . . . .	Number	 00000080h   
CREATE_ALWAYS  . . . . . . . . .	Number	 00000002h   
CREATE_NEW . . . . . . . . . . .	Number	 00000001h   
CTRL_MASK  . . . . . . . . . . .	Number	 0000000Ch   
CreateFile . . . . . . . . . . .	Text   	 CreateFileA
DO_NOT_SHARE . . . . . . . . . .	Number	 00000000h   
ENABLE_ECHO_INPUT  . . . . . . .	Number	 00000004h   
ENABLE_LINE_INPUT  . . . . . . .	Number	 00000002h   
ENABLE_MOUSE_INPUT . . . . . . .	Number	 00000010h   
ENABLE_PROCESSED_INPUT . . . . .	Number	 00000001h   
ENABLE_PROCESSED_OUTPUT  . . . .	Number	 00000001h   
ENABLE_WINDOW_INPUT  . . . . . .	Number	 00000008h   
ENABLE_WRAP_AT_EOL_OUTPUT  . . .	Number	 00000002h   
ENHANCED_KEY . . . . . . . . . .	Number	 00000100h   
FALSE  . . . . . . . . . . . . .	Number	 00000000h   
FILE_APPEND_DATA . . . . . . . .	Number	 00000004h   
FILE_ATTRIBUTE_ARCHIVE . . . . .	Number	 00000020h   
FILE_ATTRIBUTE_COMPRESSED  . . .	Number	 00000800h   
FILE_ATTRIBUTE_DEVICE  . . . . .	Number	 00000040h   
FILE_ATTRIBUTE_DIRECTORY . . . .	Number	 00000010h   
FILE_ATTRIBUTE_ENCRYPTED . . . .	Number	 00004000h   
FILE_ATTRIBUTE_HIDDEN  . . . . .	Number	 00000002h   
FILE_ATTRIBUTE_NORMAL  . . . . .	Number	 00000080h   
FILE_ATTRIBUTE_NOT_CONTENT_INDEXED .	Number	 00002000h   
FILE_ATTRIBUTE_OFFLINE . . . . .	Number	 00001000h   
FILE_ATTRIBUTE_READONLY  . . . .	Number	 00000001h   
FILE_ATTRIBUTE_REPARSE_POINT . .	Number	 00000400h   
FILE_ATTRIBUTE_SPARSE_FILE . . .	Number	 00000200h   
FILE_ATTRIBUTE_SYSTEM  . . . . .	Number	 00000004h   
FILE_ATTRIBUTE_TEMPORARY . . . .	Number	 00000100h   
FILE_BEGIN . . . . . . . . . . .	Number	 00000000h   
FILE_CURRENT . . . . . . . . . .	Number	 00000001h   
FILE_DELETE_CHILD  . . . . . . .	Number	 00000040h   
FILE_END . . . . . . . . . . . .	Number	 00000002h   
FILE_READ_DATA . . . . . . . . .	Number	 00000001h   
FILE_SHARE_DELETE  . . . . . . .	Number	 00000004h   
FILE_SHARE_READ  . . . . . . . .	Number	 00000001h   
FILE_SHARE_WRITE . . . . . . . .	Number	 00000002h   
FILE_WRITE_DATA  . . . . . . . .	Number	 00000002h   
FOCUS_EVENT  . . . . . . . . . .	Number	 00000010h   
FORMAT_MESSAGE_ALLOCATE_BUFFER .	Number	 00000100h   
FORMAT_MESSAGE_FROM_SYSTEM . . .	Number	 00001000h   
Food . . . . . . . . . . . . . .	Byte	 00000025 _DATA	
FormatMessage  . . . . . . . . .	Text   	 FormatMessageA
GENERIC_ALL  . . . . . . . . . .	Number	 10000000h   
GENERIC_EXECUTE  . . . . . . . .	Number	 20000000h   
GENERIC_READ . . . . . . . . . .	Number	 -80000000h   
GENERIC_WRITE  . . . . . . . . .	Number	 40000000h   
GameoverST . . . . . . . . . . .	Byte	 00000000 _DATA	
GetCommandLine . . . . . . . . .	Text   	 GetCommandLineA
HANDLE . . . . . . . . . . . . .	Text   	 DWORD
HEAP_GENERATE_EXCEPTIONS . . . .	Number	 00000004h   
HEAP_GROWABLE  . . . . . . . . .	Number	 00000002h   
HEAP_NO_SERIALIZE  . . . . . . .	Number	 00000001h   
HEAP_REALLOC_IN_PLACE_ONLY . . .	Number	 00000010h   
HEAP_ZERO_MEMORY . . . . . . . .	Number	 00000008h   
IDABORT  . . . . . . . . . . . .	Number	 00000003h   
IDCANCEL . . . . . . . . . . . .	Number	 00000002h   
IDCLOSE  . . . . . . . . . . . .	Number	 00000008h   
IDCONTINUE . . . . . . . . . . .	Number	 0000000Bh   
IDHELP . . . . . . . . . . . . .	Number	 00000009h   
IDIGNORE . . . . . . . . . . . .	Number	 00000005h   
IDNO . . . . . . . . . . . . . .	Number	 00000007h   
IDOK . . . . . . . . . . . . . .	Number	 00000001h   
IDRETRY  . . . . . . . . . . . .	Number	 00000004h   
IDTIMEOUT  . . . . . . . . . . .	Number	 00007D00h   
IDTRYAGAIN . . . . . . . . . . .	Number	 0000000Ah   
IDYES  . . . . . . . . . . . . .	Number	 00000006h   
INVALID_HANDLE_VALUE . . . . . .	Number	 -00000001h   
KBDOWN_FLAG  . . . . . . . . . .	Number	 00000001h   
KEY_EVENT  . . . . . . . . . . .	Number	 00000001h   
KEY_MASKS  . . . . . . . . . . .	Number	 0000001Fh   
LEFT_ALT_PRESSED . . . . . . . .	Number	 00000002h   
LEFT_CTRL_PRESSED  . . . . . . .	Number	 00000008h   
MB_ABORTRETRYIGNORE  . . . . . .	Number	 00000002h   
MB_APPLMODAL . . . . . . . . . .	Number	 00000000h   
MB_CANCELTRYCONTINUE . . . . . .	Number	 00000006h   
MB_DEFBUTTON1  . . . . . . . . .	Number	 00000000h   
MB_DEFBUTTON2  . . . . . . . . .	Number	 00000100h   
MB_DEFBUTTON3  . . . . . . . . .	Number	 00000200h   
MB_DEFBUTTON4  . . . . . . . . .	Number	 00000300h   
MB_HELP  . . . . . . . . . . . .	Number	 00004000h   
MB_ICONASTERISK  . . . . . . . .	Number	 00000040h   
MB_ICONERROR . . . . . . . . . .	Number	 00000010h   
MB_ICONEXCLAMATION . . . . . . .	Number	 00000030h   
MB_ICONHAND  . . . . . . . . . .	Number	 00000010h   
MB_ICONINFORMATION . . . . . . .	Number	 00000040h   
MB_ICONQUESTION  . . . . . . . .	Number	 00000020h   
MB_ICONSTOP  . . . . . . . . . .	Number	 00000010h   
MB_ICONWARNING . . . . . . . . .	Number	 00000030h   
MB_OKCANCEL  . . . . . . . . . .	Number	 00000001h   
MB_OK  . . . . . . . . . . . . .	Number	 00000000h   
MB_RETRYCANCEL . . . . . . . . .	Number	 00000005h   
MB_SYSTEMMODAL . . . . . . . . .	Number	 00001000h   
MB_TASKMODAL . . . . . . . . . .	Number	 00002000h   
MB_USERICON  . . . . . . . . . .	Number	 00000080h   
MB_YESNOCANCEL . . . . . . . . .	Number	 00000003h   
MB_YESNO . . . . . . . . . . . .	Number	 00000004h   
MENU_EVENT . . . . . . . . . . .	Number	 00000008h   
MOUSE_EVENT  . . . . . . . . . .	Number	 00000002h   
MessageBox . . . . . . . . . . .	Text   	 MessageBoxA
NULL . . . . . . . . . . . . . .	Number	 00000000h   
NUMLOCK_ON . . . . . . . . . . .	Number	 00000020h   
NumOfSegments  . . . . . . . . .	DWord	 00000668 _DATA	
OPEN_ALWAYS  . . . . . . . . . .	Number	 00000004h   
OPEN_EXISTING  . . . . . . . . .	Number	 00000003h   
PeekConsoleInput . . . . . . . .	Text   	 PeekConsoleInputA
RIGHT_ALT_PRESSED  . . . . . . .	Number	 00000001h   
RIGHT_CTRL_PRESSED . . . . . . .	Number	 00000004h   
ReadConsoleInput . . . . . . . .	Text   	 ReadConsoleInputA
ReadConsole  . . . . . . . . . .	Text   	 ReadConsoleA
SCROLLLOCK_ON  . . . . . . . . .	Number	 00000040h   
SHIFT_MASK . . . . . . . . . . .	Number	 00000010h   
SHIFT_PRESSED  . . . . . . . . .	Number	 00000010h   
STD_ERROR_HANDLE . . . . . . . .	Number	 -0000000Ch   
STD_INPUT_HANDLE . . . . . . . .	Number	 -0000000Ah   
STD_OUTPUT_HANDLE  . . . . . . .	Number	 -0000000Bh   
ScoreDispST  . . . . . . . . . .	Byte	 0000000D _DATA	
Segments_X . . . . . . . . . . .	Byte	 00000028 _DATA	
Segments_Y . . . . . . . . . . .	Byte	 00000348 _DATA	
SetConsoleTitle  . . . . . . . .	Text   	 SetConsoleTitleA
Sides1 . . . . . . . . . . . . .	Byte	 00000674 _DATA	
Sides2 . . . . . . . . . . . . .	Byte	 0000069D _DATA	
TAB  . . . . . . . . . . . . . .	Number	 00000009h   
TRUE . . . . . . . . . . . . . .	Number	 00000001h   
TRUNCATE_EXISTING  . . . . . . .	Number	 00000005h   
VK_11  . . . . . . . . . . . . .	Number	 000000BDh   
VK_12  . . . . . . . . . . . . .	Number	 000000BBh   
VK_ADD . . . . . . . . . . . . .	Number	 0000006Bh   
VK_BACK  . . . . . . . . . . . .	Number	 00000008h   
VK_CANCEL  . . . . . . . . . . .	Number	 00000003h   
VK_CAPITAL . . . . . . . . . . .	Number	 00000014h   
VK_CLEAR . . . . . . . . . . . .	Number	 0000000Ch   
VK_CONTROL . . . . . . . . . . .	Number	 00000011h   
VK_DECIMAL . . . . . . . . . . .	Number	 0000006Eh   
VK_DELETE  . . . . . . . . . . .	Number	 0000002Eh   
VK_DIVIDE  . . . . . . . . . . .	Number	 0000006Fh   
VK_DOWN  . . . . . . . . . . . .	Number	 00000028h   
VK_END . . . . . . . . . . . . .	Number	 00000023h   
VK_ESCAPE  . . . . . . . . . . .	Number	 0000001Bh   
VK_EXECUTE . . . . . . . . . . .	Number	 0000002Bh   
VK_F10 . . . . . . . . . . . . .	Number	 00000079h   
VK_F11 . . . . . . . . . . . . .	Number	 0000007Ah   
VK_F12 . . . . . . . . . . . . .	Number	 0000007Bh   
VK_F13 . . . . . . . . . . . . .	Number	 0000007Ch   
VK_F14 . . . . . . . . . . . . .	Number	 0000007Dh   
VK_F15 . . . . . . . . . . . . .	Number	 0000007Eh   
VK_F16 . . . . . . . . . . . . .	Number	 0000007Fh   
VK_F17 . . . . . . . . . . . . .	Number	 00000080h   
VK_F18 . . . . . . . . . . . . .	Number	 00000081h   
VK_F19 . . . . . . . . . . . . .	Number	 00000082h   
VK_F1  . . . . . . . . . . . . .	Number	 00000070h   
VK_F20 . . . . . . . . . . . . .	Number	 00000083h   
VK_F21 . . . . . . . . . . . . .	Number	 00000084h   
VK_F22 . . . . . . . . . . . . .	Number	 00000085h   
VK_F23 . . . . . . . . . . . . .	Number	 00000086h   
VK_F24 . . . . . . . . . . . . .	Number	 00000087h   
VK_F2  . . . . . . . . . . . . .	Number	 00000071h   
VK_F3  . . . . . . . . . . . . .	Number	 00000072h   
VK_F4  . . . . . . . . . . . . .	Number	 00000073h   
VK_F5  . . . . . . . . . . . . .	Number	 00000074h   
VK_F6  . . . . . . . . . . . . .	Number	 00000075h   
VK_F7  . . . . . . . . . . . . .	Number	 00000076h   
VK_F8  . . . . . . . . . . . . .	Number	 00000077h   
VK_F9  . . . . . . . . . . . . .	Number	 00000078h   
VK_HELP  . . . . . . . . . . . .	Number	 0000002Fh   
VK_HOME  . . . . . . . . . . . .	Number	 00000024h   
VK_INSERT  . . . . . . . . . . .	Number	 0000002Dh   
VK_LBUTTON . . . . . . . . . . .	Number	 00000001h   
VK_LCONTROL  . . . . . . . . . .	Number	 000000A2h   
VK_LEFT  . . . . . . . . . . . .	Number	 00000025h   
VK_LMENU . . . . . . . . . . . .	Number	 000000A4h   
VK_LSHIFT  . . . . . . . . . . .	Number	 000000A0h   
VK_MENU  . . . . . . . . . . . .	Number	 00000012h   
VK_MULTIPLY  . . . . . . . . . .	Number	 0000006Ah   
VK_NEXT  . . . . . . . . . . . .	Number	 00000022h   
VK_NUMLOCK . . . . . . . . . . .	Number	 00000090h   
VK_NUMPAD0 . . . . . . . . . . .	Number	 00000060h   
VK_NUMPAD1 . . . . . . . . . . .	Number	 00000061h   
VK_NUMPAD2 . . . . . . . . . . .	Number	 00000062h   
VK_NUMPAD3 . . . . . . . . . . .	Number	 00000063h   
VK_NUMPAD4 . . . . . . . . . . .	Number	 00000064h   
VK_NUMPAD5 . . . . . . . . . . .	Number	 00000065h   
VK_NUMPAD6 . . . . . . . . . . .	Number	 00000066h   
VK_NUMPAD7 . . . . . . . . . . .	Number	 00000067h   
VK_NUMPAD8 . . . . . . . . . . .	Number	 00000068h   
VK_NUMPAD9 . . . . . . . . . . .	Number	 00000069h   
VK_PAUSE . . . . . . . . . . . .	Number	 00000013h   
VK_PRINT . . . . . . . . . . . .	Number	 0000002Ah   
VK_PRIOR . . . . . . . . . . . .	Number	 00000021h   
VK_RBUTTON . . . . . . . . . . .	Number	 00000002h   
VK_RCONTROL  . . . . . . . . . .	Number	 000000A3h   
VK_RETURN  . . . . . . . . . . .	Number	 0000000Dh   
VK_RIGHT . . . . . . . . . . . .	Number	 00000027h   
VK_RMENU . . . . . . . . . . . .	Number	 000000A5h   
VK_RSHIFT  . . . . . . . . . . .	Number	 000000A1h   
VK_SCROLL  . . . . . . . . . . .	Number	 00000091h   
VK_SEPARATER . . . . . . . . . .	Number	 0000006Ch   
VK_SHIFT . . . . . . . . . . . .	Number	 00000010h   
VK_SNAPSHOT  . . . . . . . . . .	Number	 0000002Ch   
VK_SPACE . . . . . . . . . . . .	Number	 00000020h   
VK_SUBTRACT  . . . . . . . . . .	Number	 0000006Dh   
VK_TAB . . . . . . . . . . . . .	Number	 00000009h   
VK_UP  . . . . . . . . . . . . .	Number	 00000026h   
WINDOW_BUFFER_SIZE_EVENT . . . .	Number	 00000004h   
WriteConsoleOutputCharacter  . .	Text   	 WriteConsoleOutputCharacterA
WriteConsole . . . . . . . . . .	Text   	 WriteConsoleA
black  . . . . . . . . . . . . .	Number	 00000000h   
blue . . . . . . . . . . . . . .	Number	 00000001h   
brown  . . . . . . . . . . . . .	Number	 00000006h   
cyan . . . . . . . . . . . . . .	Number	 00000003h   
direction  . . . . . . . . . . .	Byte	 00000672 _DATA	
exit . . . . . . . . . . . . . .	Text   	 INVOKE ExitProcess,0
foodeaten  . . . . . . . . . . .	Byte	 00000024 _DATA	
gray . . . . . . . . . . . . . .	Number	 00000008h   
green  . . . . . . . . . . . . .	Number	 00000002h   
head . . . . . . . . . . . . . .	Byte	 00000020 _DATA	
lightBlue  . . . . . . . . . . .	Number	 00000009h   
lightCyan  . . . . . . . . . . .	Number	 0000000Bh   
lightGray  . . . . . . . . . . .	Number	 00000007h   
lightGreen . . . . . . . . . . .	Number	 0000000Ah   
lightMagenta . . . . . . . . . .	Number	 0000000Dh   
lightRed . . . . . . . . . . . .	Number	 0000000Ch   
magenta  . . . . . . . . . . . .	Number	 00000005h   
oldDirect  . . . . . . . . . . .	Byte	 00000673 _DATA	
part . . . . . . . . . . . . . .	Byte	 00000021 _DATA	
red  . . . . . . . . . . . . . .	Number	 00000004h   
score  . . . . . . . . . . . . .	DWord	 0000066C _DATA	
speed  . . . . . . . . . . . . .	Word	 00000670 _DATA	
white  . . . . . . . . . . . . .	Number	 0000000Fh   
wsprintf . . . . . . . . . . . .	Text   	 wsprintfA
x_food . . . . . . . . . . . . .	Byte	 00000022 _DATA	
x_head . . . . . . . . . . . . .	Byte	 0000001E _DATA	
x_tail . . . . . . . . . . . . .	Byte	 00000026 _DATA	
y_food . . . . . . . . . . . . .	Byte	 00000023 _DATA	
y_head . . . . . . . . . . . . .	Byte	 0000001F _DATA	
y_tail . . . . . . . . . . . . .	Byte	 00000027 _DATA	
yellow . . . . . . . . . . . . .	Number	 0000000Eh   

	   0 Warnings
	   0 Errors
